src/config/database.ts(5,5): error TS2322: Type 'string' is not assignable to type 'never'.
src/middleware/validate.ts(20,50): error TS2339: Property 'errors' does not exist on type 'ZodError<unknown>'.
src/modules/branches/branches.controller.ts(19,66): error TS2322: Type 'string | string[]' is not assignable to type 'string | undefined'.
  Type 'string[]' is not assignable to type 'string'.
src/modules/branches/branches.controller.ts(55,38): error TS2322: Type 'string | string[]' is not assignable to type 'string | NestedStringFilter<"Branch"> | undefined'.
  Type 'string[]' is not assignable to type 'string | NestedStringFilter<"Branch"> | undefined'.
src/modules/branches/branches.controller.ts(63,22): error TS2322: Type 'string | string[]' is not assignable to type 'string | undefined'.
  Type 'string[]' is not assignable to type 'string'.
src/modules/branches/branches.controller.ts(78,62): error TS2322: Type 'string | string[]' is not assignable to type 'string | StringNullableFilter<"User"> | null | undefined'.
  Type 'string[]' is not assignable to type 'string | StringNullableFilter<"User"> | null | undefined'.
src/modules/branches/branches.controller.ts(83,47): error TS2322: Type 'string | string[]' is not assignable to type 'string | undefined'.
  Type 'string[]' is not assignable to type 'string'.
src/modules/inventory/count.controller.ts(49,22): error TS2322: Type 'string | string[]' is not assignable to type 'string | undefined'.
  Type 'string[]' is not assignable to type 'string'.
src/modules/inventory/count.controller.ts(58,38): error TS2339: Property 'lines' does not exist on type '{ id: string; createdAt: Date; updatedAt: Date; userId: string; branchId: string; createdBy: string | null; date: Date; status: CountStatus; }'.
src/modules/inventory/count.controller.ts(85,26): error TS2322: Type 'string | string[]' is not assignable to type 'string | undefined'.
  Type 'string[]' is not assignable to type 'string'.
src/modules/orders/order.controller.ts(86,71): error TS2322: Type 'string | string[]' is not assignable to type 'string | undefined'.
  Type 'string[]' is not assignable to type 'string'.
src/modules/orders/order.controller.ts(104,58): error TS2322: Type 'string | string[]' is not assignable to type 'string | StringFilter<"OrderItem"> | undefined'.
  Type 'string[]' is not assignable to type 'string | StringFilter<"OrderItem"> | undefined'.
src/modules/orders/order.controller.ts(117,22): error TS2322: Type 'string | string[]' is not assignable to type 'string | undefined'.
  Type 'string[]' is not assignable to type 'string'.
src/modules/orders/payment.controller.ts(11,22): error TS2322: Type 'string | string[]' is not assignable to type 'string | undefined'.
  Type 'string[]' is not assignable to type 'string'.
src/modules/orders/payment.controller.ts(18,33): error TS2339: Property 'payments' does not exist on type '{ id: string; createdAt: Date; updatedAt: Date; branchId: string; createdBy: string | null; total: Decimal; status: OrderStatus; tableId: string | null; customerId: string | null; subtotal: Decimal; taxTotal: Decimal; }'.
src/modules/orders/payment.controller.ts(47,42): error TS2339: Property 'items' does not exist on type '{ id: string; createdAt: Date; updatedAt: Date; branchId: string; createdBy: string | null; total: Decimal; status: OrderStatus; tableId: string | null; customerId: string | null; subtotal: Decimal; taxTotal: Decimal; }'.
src/modules/orders/table.controller.ts(35,22): error TS2322: Type 'string | string[]' is not assignable to type 'string | undefined'.
  Type 'string[]' is not assignable to type 'string'.
src/modules/roles/roles.controller.ts(50,22): error TS2322: Type 'string | string[]' is not assignable to type 'string | undefined'.
  Type 'string[]' is not assignable to type 'string'.
src/modules/roles/roles.controller.ts(72,62): error TS2322: Type 'string | string[]' is not assignable to type 'string | StringFilter<"User"> | undefined'.
  Type 'string[]' is not assignable to type 'string | StringFilter<"User"> | undefined'.
src/modules/roles/roles.controller.ts(77,45): error TS2322: Type 'string | string[]' is not assignable to type 'string | undefined'.
  Type 'string[]' is not assignable to type 'string'.
